[themes.potenzaglobalsolutions.com/html/finaxo/index-02.html]
[backblue.gif]
[fade.gif]
[index.html]
[themes.potenzaglobalsolutions.com/html/finaxo/images/favicon.ico]
[themes.potenzaglobalsolutions.com/html/finaxo/css/font-awesome/all.min.css]
[themes.potenzaglobalsolutions.com/html/finaxo/css/flaticon/flaticon.css]
[themes.potenzaglobalsolutions.com/html/finaxo/css/bootstrap/bootstrap.min.css]
[themes.potenzaglobalsolutions.com/html/finaxo/css/owl-carousel/owl.carousel.min.css]
[themes.potenzaglobalsolutions.com/html/finaxo/css/swiper/swiper.min.css]
[themes.potenzaglobalsolutions.com/html/finaxo/css/animate/animate.min.css]
[themes.potenzaglobalsolutions.com/html/finaxo/css/magnific-popup/magnific-popup.css]
[themes.potenzaglobalsolutions.com/html/finaxo/css/style.css]
[themes.potenzaglobalsolutions.com/html/finaxo/index.html]
[themes.potenzaglobalsolutions.com/html/finaxo/index-03.html]
[themes.potenzaglobalsolutions.com/html/finaxo/about-us.html]
[themes.potenzaglobalsolutions.com/html/finaxo/our-approach.html]
[themes.potenzaglobalsolutions.com/html/finaxo/our-partners.html]
[themes.potenzaglobalsolutions.com/html/finaxo/appointment.html]
[themes.potenzaglobalsolutions.com/html/finaxo/careers.html]
[themes.potenzaglobalsolutions.com/html/finaxo/faqs.html]
[themes.potenzaglobalsolutions.com/html/finaxo/team.html]
[themes.potenzaglobalsolutions.com/html/finaxo/team-single.html]
[themes.potenzaglobalsolutions.com/html/finaxo/contact-us.html]
[themes.potenzaglobalsolutions.com/html/finaxo/contact-us-02.html]
[themes.potenzaglobalsolutions.com/html/finaxo/login.html]
[themes.potenzaglobalsolutions.com/html/finaxo/error-404.html]
[themes.potenzaglobalsolutions.com/html/finaxo/cookies.html]
[themes.potenzaglobalsolutions.com/html/finaxo/privacy-policy.html]
[themes.potenzaglobalsolutions.com/html/finaxo/maintenance.html]
[themes.potenzaglobalsolutions.com/html/finaxo/coming-soon.html]
[themes.potenzaglobalsolutions.com/html/finaxo/service.html]
[themes.potenzaglobalsolutions.com/html/finaxo/accounting-outsourcing.html]
[themes.potenzaglobalsolutions.com/html/finaxo/service-grid-2-column-full-width.html]
[themes.potenzaglobalsolutions.com/html/finaxo/service-grid-3-column-full-width.html]
[themes.potenzaglobalsolutions.com/html/finaxo/service-grid-4-column-full-width.html]
[themes.potenzaglobalsolutions.com/html/finaxo/service-grid-left-sidebar.html]
[themes.potenzaglobalsolutions.com/html/finaxo/service-grid-right-sidebar.html]
[themes.potenzaglobalsolutions.com/html/finaxo/service-masonry-2-column-full-width.html]
[themes.potenzaglobalsolutions.com/html/finaxo/service-masonry-3-column-full-width.html]
[themes.potenzaglobalsolutions.com/html/finaxo/service-masonry-4-column-full-width.html]
[themes.potenzaglobalsolutions.com/html/finaxo/service-masonry-left-sidebar.html]
[themes.potenzaglobalsolutions.com/html/finaxo/service-masonry-right-sidebar.html]
[themes.potenzaglobalsolutions.com/html/finaxo/casestudy.html]
[themes.potenzaglobalsolutions.com/html/finaxo/casestudy-single.html]
[themes.potenzaglobalsolutions.com/html/finaxo/portfolio.html]
[themes.potenzaglobalsolutions.com/html/finaxo/portfolio-single.html]
[themes.potenzaglobalsolutions.com/html/finaxo/blog-classic-full-width.html]
[themes.potenzaglobalsolutions.com/html/finaxo/blog-classic-left-sidebar.html]
[themes.potenzaglobalsolutions.com/html/finaxo/blog-single.html]
[themes.potenzaglobalsolutions.com/html/finaxo/shop.html]
[themes.potenzaglobalsolutions.com/html/finaxo/shop-single.html]
[themes.potenzaglobalsolutions.com/html/finaxo/shop-cart.html]
[themes.potenzaglobalsolutions.com/html/finaxo/shop-checkout.html]
[themes.potenzaglobalsolutions.com/html/finaxo/images/slider/home-02/01.jpg]
[themes.potenzaglobalsolutions.com/html/finaxo/images/slider/home-02/03.png]
[themes.potenzaglobalsolutions.com/html/finaxo/images/slider/home-02/05.png]
[themes.potenzaglobalsolutions.com/html/finaxo/images/slider/home-02/06.png]
[themes.potenzaglobalsolutions.com/html/finaxo/images/slider/home-02/07.png]
[themes.potenzaglobalsolutions.com/html/finaxo/images/slider/home-02/02.jpg]
[themes.potenzaglobalsolutions.com/html/finaxo/images/slider/home-02/04.png]
[themes.potenzaglobalsolutions.com/html/finaxo/images/service/01.jpg]
[themes.potenzaglobalsolutions.com/html/finaxo/images/service/02.jpg]
[themes.potenzaglobalsolutions.com/html/finaxo/images/service/03.jpg]
[themes.potenzaglobalsolutions.com/html/finaxo/images/service/04.jpg]
[themes.potenzaglobalsolutions.com/html/finaxo/images/service/05.jpg]
[themes.potenzaglobalsolutions.com/html/finaxo/images/about/03.jpg]
[themes.potenzaglobalsolutions.com/html/finaxo/images/about/04.jpg]
[themes.potenzaglobalsolutions.com/html/finaxo/images/about/signechar.png]
[themes.potenzaglobalsolutions.com/html/finaxo/images/portfolio/09.jpg]
[themes.potenzaglobalsolutions.com/html/finaxo/images/portfolio/08.jpg]
[themes.potenzaglobalsolutions.com/html/finaxo/images/portfolio/07.jpg]
[themes.potenzaglobalsolutions.com/html/finaxo/images/portfolio/06.jpg]
[themes.potenzaglobalsolutions.com/html/finaxo/images/avatar/01.jpg]
[themes.potenzaglobalsolutions.com/html/finaxo/images/avatar/02.jpg]
[themes.potenzaglobalsolutions.com/html/finaxo/images/avatar/03.jpg]
[themes.potenzaglobalsolutions.com/html/finaxo/js/jquery-3.6.0.min.js]
[themes.potenzaglobalsolutions.com/html/finaxo/js/popper/popper.min.js]
[themes.potenzaglobalsolutions.com/html/finaxo/js/bootstrap/bootstrap.min.js]
[themes.potenzaglobalsolutions.com/html/finaxo/js/jquery.appear.js]
[themes.potenzaglobalsolutions.com/html/finaxo/js/counter/jquery.countTo.js]
[themes.potenzaglobalsolutions.com/html/finaxo/js/owl-carousel/owl.carousel.min.js]
[themes.potenzaglobalsolutions.com/html/finaxo/js/swiper/swiper.min.js]
[themes.potenzaglobalsolutions.com/html/finaxo/js/swiperanimation/SwiperAnimation.min.js]
[themes.potenzaglobalsolutions.com/html/finaxo/js/magnific-popup/jquery.magnific-popup.min.js]
[themes.potenzaglobalsolutions.com/html/finaxo/js/shuffle/shuffle.min.js]
[themes.potenzaglobalsolutions.com/html/finaxo/js/easy-pie-chart/easy-pie-chart.js]
[themes.potenzaglobalsolutions.com/html/finaxo/js/custom.js]
[themes.potenzaglobalsolutions.com/html/finaxo/index-02.html]
[themes.potenzaglobalsolutions.com/html/finaxo/fonts/fa-brands-400.eot]
[themes.potenzaglobalsolutions.com/html/finaxo/fonts/fa-brands-400d41d.eot]
[themes.potenzaglobalsolutions.com/html/finaxo/fonts/fa-brands-400.woff2]
[themes.potenzaglobalsolutions.com/html/finaxo/fonts/fa-brands-400.woff]
[themes.potenzaglobalsolutions.com/html/finaxo/fonts/fa-brands-400.ttf]
[themes.potenzaglobalsolutions.com/html/finaxo/fonts/fa-regular-400.eot]
[themes.potenzaglobalsolutions.com/html/finaxo/fonts/fa-regular-400d41d.eot]
[themes.potenzaglobalsolutions.com/html/finaxo/fonts/fa-regular-400.woff2]
[themes.potenzaglobalsolutions.com/html/finaxo/fonts/fa-regular-400.woff]
[themes.potenzaglobalsolutions.com/html/finaxo/fonts/fa-regular-400.ttf]
[themes.potenzaglobalsolutions.com/html/finaxo/fonts/fa-solid-900.eot]
[themes.potenzaglobalsolutions.com/html/finaxo/fonts/fa-solid-900d41d.eot]
[themes.potenzaglobalsolutions.com/html/finaxo/fonts/fa-solid-900.woff2]
[themes.potenzaglobalsolutions.com/html/finaxo/fonts/fa-solid-900.woff]
[themes.potenzaglobalsolutions.com/html/finaxo/fonts/fa-solid-900.ttf]
[themes.potenzaglobalsolutions.com/html/finaxo/css/font-awesome/all.min.css]
[themes.potenzaglobalsolutions.com/html/finaxo/fonts/Flaticon.eot]
[themes.potenzaglobalsolutions.com/html/finaxo/fonts/Flaticond41d.eot]
[themes.potenzaglobalsolutions.com/html/finaxo/fonts/Flaticon.woff2]
[themes.potenzaglobalsolutions.com/html/finaxo/fonts/Flaticon.woff]
[themes.potenzaglobalsolutions.com/html/finaxo/fonts/Flaticon.ttf]
[themes.potenzaglobalsolutions.com/html/finaxo/css/flaticon/flaticon.css]
[themes.potenzaglobalsolutions.com/html/finaxo/css/bootstrap/bootstrap.min.css]
[themes.potenzaglobalsolutions.com/html/finaxo/css/owl-carousel/owl.carousel.min.css]
[themes.potenzaglobalsolutions.com/html/finaxo/css/swiper/swiper.min.css]
[themes.potenzaglobalsolutions.com/html/finaxo/css/animate/animate.min.css]
[themes.potenzaglobalsolutions.com/html/finaxo/css/magnific-popup/magnific-popup.css]
[themes.potenzaglobalsolutions.com/html/finaxo/images/service/feature-icon/04.png]
[themes.potenzaglobalsolutions.com/html/finaxo/images/slider/home-01/bg-pattern-02.png]
[themes.potenzaglobalsolutions.com/html/finaxo/images/slider/home-01/bg-pattern.png]
[themes.potenzaglobalsolutions.com/html/finaxo/images/slider/home-01/bg-pattern-03.png]
[themes.potenzaglobalsolutions.com/html/finaxo/css/style.css]
[themes.potenzaglobalsolutions.com/html/finaxo/images/slider/home-01/03.jpg]
[themes.potenzaglobalsolutions.com/html/finaxo/images/slider/home-01/02.jpg]
[themes.potenzaglobalsolutions.com/html/finaxo/images/bg/pattern-01.png]
[themes.potenzaglobalsolutions.com/html/finaxo/images/case-study/01.jpg]
[themes.potenzaglobalsolutions.com/html/finaxo/images/case-study/02.jpg]
[themes.potenzaglobalsolutions.com/html/finaxo/images/case-study/03.jpg]
[themes.potenzaglobalsolutions.com/html/finaxo/images/about/01.jpg]
[themes.potenzaglobalsolutions.com/html/finaxo/images/blog/01.jpg]
[themes.potenzaglobalsolutions.com/html/finaxo/images/blog/02.jpg]
[themes.potenzaglobalsolutions.com/html/finaxo/images/blog/03.jpg]
[themes.potenzaglobalsolutions.com/html/finaxo/images/blog/04.jpg]
[themes.potenzaglobalsolutions.com/html/finaxo/images/blog/05.jpg]
[themes.potenzaglobalsolutions.com/html/finaxo/js/apexcharts/apexcharts.min.js]
[themes.potenzaglobalsolutions.com/html/finaxo/js/apexcharts/charts.js]
[themes.potenzaglobalsolutions.com/html/finaxo/index.html]
[themes.potenzaglobalsolutions.com/html/finaxo/images/logo.svg]
[themes.potenzaglobalsolutions.com/html/finaxo/images/slider/home-03/01.jpg]
[themes.potenzaglobalsolutions.com/html/finaxo/images/slider/home-03/03.png]
[themes.potenzaglobalsolutions.com/html/finaxo/images/slider/home-03/03.jpg]
[themes.potenzaglobalsolutions.com/html/finaxo/images/slider/home-03/02.jpg]
[themes.potenzaglobalsolutions.com/html/finaxo/images/about/02.jpg]
[themes.potenzaglobalsolutions.com/html/finaxo/images/service/09.jpg]
[themes.potenzaglobalsolutions.com/html/finaxo/images/service/08.jpg]
[themes.potenzaglobalsolutions.com/html/finaxo/images/service/07.jpg]
[themes.potenzaglobalsolutions.com/html/finaxo/images/avatar/04.jpg]
[themes.potenzaglobalsolutions.com/html/finaxo/index-03.html]
[themes.potenzaglobalsolutions.com/html/finaxo/images/team/01.jpg]
[themes.potenzaglobalsolutions.com/html/finaxo/images/team/02.jpg]
[themes.potenzaglobalsolutions.com/html/finaxo/images/team/05.jpg]
[themes.potenzaglobalsolutions.com/html/finaxo/images/team/03.jpg]
[themes.potenzaglobalsolutions.com/html/finaxo/images/avatar/05.jpg]
[themes.potenzaglobalsolutions.com/html/finaxo/about-us.html]
[themes.potenzaglobalsolutions.com/html/finaxo/images/bg/01.jpg]
[themes.potenzaglobalsolutions.com/html/finaxo/js/jarallax/jarallax.min.js]
[themes.potenzaglobalsolutions.com/html/finaxo/js/jarallax/jarallax-video.min.js]
[themes.potenzaglobalsolutions.com/html/finaxo/our-approach.html]
[themes.potenzaglobalsolutions.com/html/finaxo/our-partners.html]
[themes.potenzaglobalsolutions.com/html/finaxo/css/datetimepicker/datetimepicker.min.css]
[themes.potenzaglobalsolutions.com/html/finaxo/images/team/08.jpg]
[themes.potenzaglobalsolutions.com/html/finaxo/js/datetimepicker/moment.min.js]
[themes.potenzaglobalsolutions.com/html/finaxo/appointment.html]
[themes.potenzaglobalsolutions.com/html/finaxo/careers.html]
[themes.potenzaglobalsolutions.com/html/finaxo/faqs.html]
[themes.potenzaglobalsolutions.com/html/finaxo/js/datetimepicker/datetimepicker.min.js]
[themes.potenzaglobalsolutions.com/html/finaxo/images/team/04.jpg]
[themes.potenzaglobalsolutions.com/html/finaxo/images/team/06.jpg]
[themes.potenzaglobalsolutions.com/html/finaxo/images/team/07.jpg]
[themes.potenzaglobalsolutions.com/html/finaxo/team.html]
[themes.potenzaglobalsolutions.com/html/finaxo/team-single.html]
[themes.potenzaglobalsolutions.com/html/finaxo/images/contact/01.jpg]
[themes.potenzaglobalsolutions.com/html/finaxo/contact-us.html]
[themes.potenzaglobalsolutions.com/html/finaxo/contact-us-02.html]
[themes.potenzaglobalsolutions.com/html/finaxo/login.html]
[themes.potenzaglobalsolutions.com/html/finaxo/error-404.html]
[themes.potenzaglobalsolutions.com/html/finaxo/cookies.html]
[themes.potenzaglobalsolutions.com/html/finaxo/privacy-policy.html]
[themes.potenzaglobalsolutions.com/html/finaxo/js/countdown/jquery.downCount.js]
[themes.potenzaglobalsolutions.com/html/finaxo/maintenance.html]
[themes.potenzaglobalsolutions.com/html/finaxo/coming-soon.html]
[themes.potenzaglobalsolutions.com/html/finaxo/images/service/06.jpg]
[themes.potenzaglobalsolutions.com/html/finaxo/service.html]
[themes.potenzaglobalsolutions.com/html/finaxo/images/service/10.jpg]
[themes.potenzaglobalsolutions.com/html/finaxo/accounting-outsourcing.html]
[themes.potenzaglobalsolutions.com/html/finaxo/service-grid-2-column-full-width.html]
[themes.potenzaglobalsolutions.com/html/finaxo/service-grid-3-column-full-width.html]
[themes.potenzaglobalsolutions.com/html/finaxo/service-grid-4-column-full-width.html]
[themes.potenzaglobalsolutions.com/html/finaxo/service-grid-left-sidebar.html]
[themes.potenzaglobalsolutions.com/html/finaxo/service-grid-right-sidebar.html]
[themes.potenzaglobalsolutions.com/html/finaxo/images/service/16.jpg]
[themes.potenzaglobalsolutions.com/html/finaxo/images/service/15.jpg]
[themes.potenzaglobalsolutions.com/html/finaxo/service-masonry-2-column-full-width.html]
[themes.potenzaglobalsolutions.com/html/finaxo/images/service/14.jpg]
[themes.potenzaglobalsolutions.com/html/finaxo/service-masonry-3-column-full-width.html]
[themes.potenzaglobalsolutions.com/html/finaxo/service-masonry-4-column-full-width.html]
[themes.potenzaglobalsolutions.com/html/finaxo/service-masonry-left-sidebar.html]
[themes.potenzaglobalsolutions.com/html/finaxo/service-masonry-right-sidebar.html]
[themes.potenzaglobalsolutions.com/html/finaxo/images/case-study/05.jpg]
[themes.potenzaglobalsolutions.com/html/finaxo/images/case-study/08.jpg]
[themes.potenzaglobalsolutions.com/html/finaxo/images/case-study/04.jpg]
[themes.potenzaglobalsolutions.com/html/finaxo/images/case-study/06.jpg]
[themes.potenzaglobalsolutions.com/html/finaxo/images/case-study/07.jpg]
[themes.potenzaglobalsolutions.com/html/finaxo/images/case-study/09.jpg]
[themes.potenzaglobalsolutions.com/html/finaxo/casestudy.html]
[themes.potenzaglobalsolutions.com/html/finaxo/images/case-study/10.jpg]
[themes.potenzaglobalsolutions.com/html/finaxo/casestudy-single.html]
[themes.potenzaglobalsolutions.com/html/finaxo/images/portfolio/10.jpg]
[themes.potenzaglobalsolutions.com/html/finaxo/images/portfolio/11.jpg]
[themes.potenzaglobalsolutions.com/html/finaxo/images/portfolio/12.jpg]
[themes.potenzaglobalsolutions.com/html/finaxo/images/portfolio/13.jpg]
[themes.potenzaglobalsolutions.com/html/finaxo/images/portfolio/14.jpg]
[themes.potenzaglobalsolutions.com/html/finaxo/images/portfolio/15.jpg]
[themes.potenzaglobalsolutions.com/html/finaxo/images/portfolio/16.jpg]
[themes.potenzaglobalsolutions.com/html/finaxo/images/portfolio/17.jpg]
[themes.potenzaglobalsolutions.com/html/finaxo/images/portfolio/18.jpg]
[themes.potenzaglobalsolutions.com/html/finaxo/portfolio.html]
[themes.potenzaglobalsolutions.com/html/finaxo/images/portfolio/19.jpg]
[themes.potenzaglobalsolutions.com/html/finaxo/images/portfolio/01.jpg]
[themes.potenzaglobalsolutions.com/html/finaxo/images/portfolio/02.jpg]
[themes.potenzaglobalsolutions.com/html/finaxo/images/portfolio/03.jpg]
[themes.potenzaglobalsolutions.com/html/finaxo/images/portfolio/20.jpg]
[themes.potenzaglobalsolutions.com/html/finaxo/portfolio-single.html]
[themes.potenzaglobalsolutions.com/html/finaxo/images/blog/13.jpg]
[themes.potenzaglobalsolutions.com/html/finaxo/images/blog/14.jpg]
[themes.potenzaglobalsolutions.com/html/finaxo/images/blog/15.jpg]
[themes.potenzaglobalsolutions.com/html/finaxo/blog-classic-full-width.html]
[themes.potenzaglobalsolutions.com/html/finaxo/images/blog/09.jpg]
[themes.potenzaglobalsolutions.com/html/finaxo/images/blog/10.jpg]
[themes.potenzaglobalsolutions.com/html/finaxo/images/blog/11.jpg]
[themes.potenzaglobalsolutions.com/html/finaxo/blog-classic-left-sidebar.html]
[themes.potenzaglobalsolutions.com/html/finaxo/blog-single.html]
[themes.potenzaglobalsolutions.com/html/finaxo/css/select2/select2.css]
[themes.potenzaglobalsolutions.com/html/finaxo/css/range-slider/ion.rangeSlider.css]
[themes.potenzaglobalsolutions.com/html/finaxo/images/shop/01.jpg]
[themes.potenzaglobalsolutions.com/html/finaxo/images/shop/02.jpg]
[themes.potenzaglobalsolutions.com/html/finaxo/images/shop/03.jpg]
[themes.potenzaglobalsolutions.com/html/finaxo/images/shop/04.jpg]
[themes.potenzaglobalsolutions.com/html/finaxo/images/shop/05.jpg]
[themes.potenzaglobalsolutions.com/html/finaxo/images/shop/06.jpg]
[themes.potenzaglobalsolutions.com/html/finaxo/images/shop/07.jpg]
[themes.potenzaglobalsolutions.com/html/finaxo/images/shop/08.jpg]
[themes.potenzaglobalsolutions.com/html/finaxo/images/shop/09.jpg]
[themes.potenzaglobalsolutions.com/html/finaxo/js/select2/select2.full.js]
[themes.potenzaglobalsolutions.com/html/finaxo/shop.html]
[themes.potenzaglobalsolutions.com/html/finaxo/js/range-slider/ion.rangeSlider.min.js]
[themes.potenzaglobalsolutions.com/html/finaxo/css/slick/slick-theme.css]
[themes.potenzaglobalsolutions.com/html/finaxo/images/service/service-logo.png]
[themes.potenzaglobalsolutions.com/html/finaxo/shop-single.html]
[themes.potenzaglobalsolutions.com/html/finaxo/shop-cart.html]
[themes.potenzaglobalsolutions.com/html/finaxo/js/slick/slick.min.js]
[themes.potenzaglobalsolutions.com/html/finaxo/shop-checkout.html]
[themes.potenzaglobalsolutions.com/html/finaxo/images/client/01.svg]
[themes.potenzaglobalsolutions.com/html/finaxo/images/client/02.svg]
[themes.potenzaglobalsolutions.com/html/finaxo/images/client/03.svg]
[themes.potenzaglobalsolutions.com/html/finaxo/images/client/04.svg]
[themes.potenzaglobalsolutions.com/html/finaxo/images/client/05.svg]
[themes.potenzaglobalsolutions.com/html/finaxo/images/client/06.svg]
[themes.potenzaglobalsolutions.com/html/finaxo/images/client/07.svg]
[themes.potenzaglobalsolutions.com/html/finaxo/fonts/fa-brands-400.svg]
[themes.potenzaglobalsolutions.com/html/finaxo/fonts/fa-regular-400.svg]
[themes.potenzaglobalsolutions.com/html/finaxo/fonts/fa-solid-900.svg]
[themes.potenzaglobalsolutions.com/html/finaxo/fonts/Flaticon.svg]
[themes.potenzaglobalsolutions.com/html/finaxo/css/owl-carousel/owl.video.play.html]
[themes.potenzaglobalsolutions.com/html/finaxo/images/service/feature-icon/01.svg]
[themes.potenzaglobalsolutions.com/html/finaxo/images/service/feature-icon/02.svg]
[themes.potenzaglobalsolutions.com/html/finaxo/images/service/feature-icon/03.svg]
[themes.potenzaglobalsolutions.com/html/finaxo/images/logo-light.svg]
[themes.potenzaglobalsolutions.com/html/finaxo/css/datetimepicker/datetimepicker.min.css]
[themes.potenzaglobalsolutions.com/html/finaxo/blog.html]
[themes.potenzaglobalsolutions.com/html/finaxo/css/select2/select2.css]
[themes.potenzaglobalsolutions.com/html/finaxo/css/range-slider/ion.rangeSlider.css]
[themes.potenzaglobalsolutions.com/html/finaxo/images/ajax-loader.gif]
[themes.potenzaglobalsolutions.com/html/finaxo/css/slick/slick-theme.css]
